// Jest Snapshot v1, https://goo.gl/fbAQLP

exports[`Projects should match the snapshot 1`] = `
<div>
  <h2
    className="project-name-h2"
    contentEditable={true}
    onKeyUpCapture={[Function]}
    suppressContentEditableWarning={true}
  >
    Neutral Colors
  </h2>
  <button
    className="delete-project"
    onClick={[Function]}
    type="submit"
  >
    Delete Project
  </button>
  <table />
</div>
`;
