// Jest Snapshot v1, https://goo.gl/fbAQLP

exports[`SaveProjects should match snapshot 1`] = `
<form
  className="save_project_form"
>
  <input
    className="project_input"
    id="name"
    name="projectName"
    onChange={[Function]}
    onClick={[Function]}
    placeholder="New Project Name"
    type="text"
    value=""
  />
  <button
    className="add_project_button"
    name="newProject"
    onClick={[Function]}
    type="submit"
  >
    Create New Project
  </button>
</form>
`;
